// Jest Snapshot v1, https://goo.gl/fbAQLP

exports[`OrderDetailRow renders correctly 1`] = `
ShallowWrapper {
  "complexSelector": ComplexSelector {
    "buildPredicate": [Function],
    "childrenOfNode": [Function],
    "findWhereUnwrapped": [Function],
  },
  "length": 1,
  "node": <tr
    className="order-item-row"
>
    <td
        className="order-item-row-item"
    >
        1
    </td>
    <td
        className="order-item-row-item"
    />
    <td
        className="order-item-row-item"
    >
        $0.00
    </td>
    <td
        className="order-item-row-item"
    >
        <Button
            className="complete-order-btn"
            inline={true}
            onClick={[Function]}
        >
            Complete
        </Button>
        <Button
            className="edit-order-btn"
            inline={true}
            onClick={[Function]}
            outline={true}
        >
            Edit
        </Button>
        <Button
            className="cancel-order-btn"
            danger={true}
            inline={true}
            onClick={[Function]}
            outline={true}
        >
            Cancel
        </Button>
    </td>
</tr>,
  "nodes": Array [
    <tr
      className="order-item-row"
>
      <td
            className="order-item-row-item"
      >
            1
      </td>
      <td
            className="order-item-row-item"
      />
      <td
            className="order-item-row-item"
      >
            $0.00
      </td>
      <td
            className="order-item-row-item"
      >
            <Button
                  className="complete-order-btn"
                  inline={true}
                  onClick={[Function]}
            >
                  Complete
            </Button>
            <Button
                  className="edit-order-btn"
                  inline={true}
                  onClick={[Function]}
                  outline={true}
            >
                  Edit
            </Button>
            <Button
                  className="cancel-order-btn"
                  danger={true}
                  inline={true}
                  onClick={[Function]}
                  outline={true}
            >
                  Cancel
            </Button>
      </td>
</tr>,
  ],
  "options": Object {},
  "renderer": ReactShallowRenderer {
    "_instance": ShallowComponentWrapper {
      "_calledComponentWillUnmount": false,
      "_compositeType": 2,
      "_context": Object {},
      "_currentElement": <OrderDetailRow
        handleCancelOrderClick={[Function]}
        handleCompleteOrderClick={[Function]}
        handleEditOrderClick={[Function]}
        index={1}
        order={
                Object {
                        "totalItems": 0,
                        "totalPrice": 0,
                      }
        }
/>,
      "_debugID": 1,
      "_hostContainerInfo": null,
      "_hostParent": null,
      "_instance": StatelessComponent {
        "_reactInternalInstance": [Circular],
        "context": Object {},
        "props": Object {
          "handleCancelOrderClick": [Function],
          "handleCompleteOrderClick": [Function],
          "handleEditOrderClick": [Function],
          "index": 1,
          "order": Object {
            "totalItems": 0,
            "totalPrice": 0,
          },
        },
        "refs": Object {},
        "state": null,
        "updater": Object {
          "enqueueCallback": [Function],
          "enqueueCallbackInternal": [Function],
          "enqueueElementInternal": [Function],
          "enqueueForceUpdate": [Function],
          "enqueueReplaceState": [Function],
          "enqueueSetState": [Function],
          "isMounted": [Function],
          "validateCallback": [Function],
        },
      },
      "_mountOrder": 1,
      "_pendingCallbacks": null,
      "_pendingElement": null,
      "_pendingForceUpdate": false,
      "_pendingReplaceState": false,
      "_pendingStateQueue": null,
      "_renderedComponent": NoopInternalComponent {
        "_currentElement": <tr
          className="order-item-row"
>
          <td
                    className="order-item-row-item"
          >
                    1
          </td>
          <td
                    className="order-item-row-item"
          />
          <td
                    className="order-item-row-item"
          >
                    $0.00
          </td>
          <td
                    className="order-item-row-item"
          >
                    <Button
                              className="complete-order-btn"
                              inline={true}
                              onClick={[Function]}
                    >
                              Complete
                    </Button>
                    <Button
                              className="edit-order-btn"
                              inline={true}
                              onClick={[Function]}
                              outline={true}
                    >
                              Edit
                    </Button>
                    <Button
                              className="cancel-order-btn"
                              danger={true}
                              inline={true}
                              onClick={[Function]}
                              outline={true}
                    >
                              Cancel
                    </Button>
          </td>
</tr>,
        "_debugID": 2,
        "_renderedOutput": <tr
          className="order-item-row"
>
          <td
                    className="order-item-row-item"
          >
                    1
          </td>
          <td
                    className="order-item-row-item"
          />
          <td
                    className="order-item-row-item"
          >
                    $0.00
          </td>
          <td
                    className="order-item-row-item"
          >
                    <Button
                              className="complete-order-btn"
                              inline={true}
                              onClick={[Function]}
                    >
                              Complete
                    </Button>
                    <Button
                              className="edit-order-btn"
                              inline={true}
                              onClick={[Function]}
                              outline={true}
                    >
                              Edit
                    </Button>
                    <Button
                              className="cancel-order-btn"
                              danger={true}
                              inline={true}
                              onClick={[Function]}
                              outline={true}
                    >
                              Cancel
                    </Button>
          </td>
</tr>,
      },
      "_renderedNodeType": 0,
      "_rootNodeID": 0,
      "_topLevelWrapper": null,
      "_updateBatchNumber": null,
      "_warnedAboutRefsInRender": false,
    },
    "getRenderOutput": [Function],
    "render": [Function],
  },
  "root": [Circular],
  "unrendered": <OrderDetailRow
    handleCancelOrderClick={[Function]}
    handleCompleteOrderClick={[Function]}
    handleEditOrderClick={[Function]}
    index={1}
    order={
        Object {
            "totalItems": 0,
            "totalPrice": 0,
          }
    }
/>,
}
`;
