// Jest Snapshot v1, https://goo.gl/fbAQLP

exports[`CurrentOrderDisplay renders correctly 1`] = `
ShallowWrapper {
  "complexSelector": ComplexSelector {
    "buildPredicate": [Function],
    "childrenOfNode": [Function],
    "findWhereUnwrapped": [Function],
  },
  "length": 1,
  "node": <section>
    <h4>
        Current Order:
        <span
            className="current-order-total-price"
        >
            <strong>
                $1.87
            </strong>
        </span>
    </h4>
    <table>
        <thead>
            <tr>
                <th>
                    Product
                </th>
                <th>
                    Quantity
                </th>
                <th>
                    Total Price
                </th>
                <th />
            </tr>
        </thead>
        <tbody>
            <OrderItemRow
                handleRemoveItemClick={[Function]}
                item={
                    OrderItem {
                        "id": 1,
                        "name": "Item A (Small)",
                        "pricePerUnit": 49,
                        "quantity": 1,
                        "totalPrice": 49,
                      }
                }
            />
            <OrderItemRow
                handleRemoveItemClick={[Function]}
                item={
                    OrderItem {
                        "id": 2,
                        "name": "Item B (Medium)",
                        "pricePerUnit": 69,
                        "quantity": 2,
                        "totalPrice": 138,
                      }
                }
            />
        </tbody>
    </table>
</section>,
  "nodes": Array [
    <section>
      <h4>
            Current Order:
            <span
                  className="current-order-total-price"
            >
                  <strong>
                        $1.87
                  </strong>
            </span>
      </h4>
      <table>
            <thead>
                  <tr>
                        <th>
                              Product
                        </th>
                        <th>
                              Quantity
                        </th>
                        <th>
                              Total Price
                        </th>
                        <th />
                  </tr>
            </thead>
            <tbody>
                  <OrderItemRow
                        handleRemoveItemClick={[Function]}
                        item={
                              OrderItem {
                                    "id": 1,
                                    "name": "Item A (Small)",
                                    "pricePerUnit": 49,
                                    "quantity": 1,
                                    "totalPrice": 49,
                                  }
                        }
                  />
                  <OrderItemRow
                        handleRemoveItemClick={[Function]}
                        item={
                              OrderItem {
                                    "id": 2,
                                    "name": "Item B (Medium)",
                                    "pricePerUnit": 69,
                                    "quantity": 2,
                                    "totalPrice": 138,
                                  }
                        }
                  />
            </tbody>
      </table>
</section>,
  ],
  "options": Object {},
  "renderer": ReactShallowRenderer {
    "_instance": ShallowComponentWrapper {
      "_calledComponentWillUnmount": false,
      "_compositeType": 2,
      "_context": Object {},
      "_currentElement": <CurrentOrderDisplay
        handleRemoveItemClick={[Function]}
        order={
                Order {
                        "id": 1,
                        "items": Array [
                          OrderItem {
                            "id": 1,
                            "name": "Item A (Small)",
                            "pricePerUnit": 49,
                            "quantity": 1,
                            "totalPrice": 49,
                          },
                          OrderItem {
                            "id": 2,
                            "name": "Item B (Medium)",
                            "pricePerUnit": 69,
                            "quantity": 2,
                            "totalPrice": 138,
                          },
                        ],
                        "totalItems": 3,
                        "totalPrice": 187,
                      }
        }
/>,
      "_debugID": 1,
      "_hostContainerInfo": null,
      "_hostParent": null,
      "_instance": StatelessComponent {
        "_reactInternalInstance": [Circular],
        "context": Object {},
        "props": Object {
          "handleRemoveItemClick": [Function],
          "order": Order {
            "id": 1,
            "items": Array [
              OrderItem {
                "id": 1,
                "name": "Item A (Small)",
                "pricePerUnit": 49,
                "quantity": 1,
                "totalPrice": 49,
              },
              OrderItem {
                "id": 2,
                "name": "Item B (Medium)",
                "pricePerUnit": 69,
                "quantity": 2,
                "totalPrice": 138,
              },
            ],
            "totalItems": 3,
            "totalPrice": 187,
          },
        },
        "refs": Object {},
        "state": null,
        "updater": Object {
          "enqueueCallback": [Function],
          "enqueueCallbackInternal": [Function],
          "enqueueElementInternal": [Function],
          "enqueueForceUpdate": [Function],
          "enqueueReplaceState": [Function],
          "enqueueSetState": [Function],
          "isMounted": [Function],
          "validateCallback": [Function],
        },
      },
      "_mountOrder": 1,
      "_pendingCallbacks": null,
      "_pendingElement": null,
      "_pendingForceUpdate": false,
      "_pendingReplaceState": false,
      "_pendingStateQueue": null,
      "_renderedComponent": NoopInternalComponent {
        "_currentElement": <section>
          <h4>
                    Current Order:
                    <span
                              className="current-order-total-price"
                    >
                              <strong>
                                        $1.87
                              </strong>
                    </span>
          </h4>
          <table>
                    <thead>
                              <tr>
                                        <th>
                                                  Product
                                        </th>
                                        <th>
                                                  Quantity
                                        </th>
                                        <th>
                                                  Total Price
                                        </th>
                                        <th />
                              </tr>
                    </thead>
                    <tbody>
                              <OrderItemRow
                                        handleRemoveItemClick={[Function]}
                                        item={
                                                  OrderItem {
                                                            "id": 1,
                                                            "name": "Item A (Small)",
                                                            "pricePerUnit": 49,
                                                            "quantity": 1,
                                                            "totalPrice": 49,
                                                          }
                                        }
                              />
                              <OrderItemRow
                                        handleRemoveItemClick={[Function]}
                                        item={
                                                  OrderItem {
                                                            "id": 2,
                                                            "name": "Item B (Medium)",
                                                            "pricePerUnit": 69,
                                                            "quantity": 2,
                                                            "totalPrice": 138,
                                                          }
                                        }
                              />
                    </tbody>
          </table>
</section>,
        "_debugID": 2,
        "_renderedOutput": <section>
          <h4>
                    Current Order:
                    <span
                              className="current-order-total-price"
                    >
                              <strong>
                                        $1.87
                              </strong>
                    </span>
          </h4>
          <table>
                    <thead>
                              <tr>
                                        <th>
                                                  Product
                                        </th>
                                        <th>
                                                  Quantity
                                        </th>
                                        <th>
                                                  Total Price
                                        </th>
                                        <th />
                              </tr>
                    </thead>
                    <tbody>
                              <OrderItemRow
                                        handleRemoveItemClick={[Function]}
                                        item={
                                                  OrderItem {
                                                            "id": 1,
                                                            "name": "Item A (Small)",
                                                            "pricePerUnit": 49,
                                                            "quantity": 1,
                                                            "totalPrice": 49,
                                                          }
                                        }
                              />
                              <OrderItemRow
                                        handleRemoveItemClick={[Function]}
                                        item={
                                                  OrderItem {
                                                            "id": 2,
                                                            "name": "Item B (Medium)",
                                                            "pricePerUnit": 69,
                                                            "quantity": 2,
                                                            "totalPrice": 138,
                                                          }
                                        }
                              />
                    </tbody>
          </table>
</section>,
      },
      "_renderedNodeType": 0,
      "_rootNodeID": 0,
      "_topLevelWrapper": null,
      "_updateBatchNumber": null,
      "_warnedAboutRefsInRender": false,
    },
    "getRenderOutput": [Function],
    "render": [Function],
  },
  "root": [Circular],
  "unrendered": <CurrentOrderDisplay
    handleRemoveItemClick={[Function]}
    order={
        Order {
            "id": 1,
            "items": Array [
              OrderItem {
                "id": 1,
                "name": "Item A (Small)",
                "pricePerUnit": 49,
                "quantity": 1,
                "totalPrice": 49,
              },
              OrderItem {
                "id": 2,
                "name": "Item B (Medium)",
                "pricePerUnit": 69,
                "quantity": 2,
                "totalPrice": 138,
              },
            ],
            "totalItems": 3,
            "totalPrice": 187,
          }
    }
/>,
}
`;
