// Jest Snapshot v1, https://goo.gl/fbAQLP

exports[`OrderQuantityMenu renders correctly 1`] = `
ShallowWrapper {
  "complexSelector": ComplexSelector {
    "buildPredicate": [Function],
    "childrenOfNode": [Function],
    "findWhereUnwrapped": [Function],
  },
  "length": 1,
  "node": <span
    className="input-group"
>
    <label
        htmlFor="quantity"
    >
        Qty: 
    </label>
    <select
        className="order-quantity-menu"
        id="quantity"
        name="quantity"
        onChange={[Function]}
        value={2}
    >
        <option
            value={1}
        >
            1
        </option>
        <option
            value={2}
        >
            2
        </option>
        <option
            value={3}
        >
            3
        </option>
        <option
            value={4}
        >
            4
        </option>
        <option
            value={5}
        >
            5
        </option>
        <option
            value={6}
        >
            6
        </option>
        <option
            value={7}
        >
            7
        </option>
        <option
            value={8}
        >
            8
        </option>
        <option
            value={9}
        >
            9
        </option>
        <option
            value={10}
        >
            10
        </option>
        <option
            value={11}
        >
            11
        </option>
        <option
            value={12}
        >
            12
        </option>
        <option
            value={13}
        >
            13
        </option>
        <option
            value={14}
        >
            14
        </option>
        <option
            value={15}
        >
            15
        </option>
        <option
            value={16}
        >
            16
        </option>
        <option
            value={17}
        >
            17
        </option>
        <option
            value={18}
        >
            18
        </option>
        <option
            value={19}
        >
            19
        </option>
        <option
            value={20}
        >
            20
        </option>
    </select>
</span>,
  "nodes": Array [
    <span
      className="input-group"
>
      <label
            htmlFor="quantity"
      >
            Qty: 
      </label>
      <select
            className="order-quantity-menu"
            id="quantity"
            name="quantity"
            onChange={[Function]}
            value={2}
      >
            <option
                  value={1}
            >
                  1
            </option>
            <option
                  value={2}
            >
                  2
            </option>
            <option
                  value={3}
            >
                  3
            </option>
            <option
                  value={4}
            >
                  4
            </option>
            <option
                  value={5}
            >
                  5
            </option>
            <option
                  value={6}
            >
                  6
            </option>
            <option
                  value={7}
            >
                  7
            </option>
            <option
                  value={8}
            >
                  8
            </option>
            <option
                  value={9}
            >
                  9
            </option>
            <option
                  value={10}
            >
                  10
            </option>
            <option
                  value={11}
            >
                  11
            </option>
            <option
                  value={12}
            >
                  12
            </option>
            <option
                  value={13}
            >
                  13
            </option>
            <option
                  value={14}
            >
                  14
            </option>
            <option
                  value={15}
            >
                  15
            </option>
            <option
                  value={16}
            >
                  16
            </option>
            <option
                  value={17}
            >
                  17
            </option>
            <option
                  value={18}
            >
                  18
            </option>
            <option
                  value={19}
            >
                  19
            </option>
            <option
                  value={20}
            >
                  20
            </option>
      </select>
</span>,
  ],
  "options": Object {},
  "renderer": ReactShallowRenderer {
    "_instance": ShallowComponentWrapper {
      "_calledComponentWillUnmount": false,
      "_compositeType": 2,
      "_context": Object {},
      "_currentElement": <OrderQuantityMenu
        handleQuantityChange={[Function]}
        maxRange={20}
        quantity={2}
/>,
      "_debugID": 1,
      "_hostContainerInfo": null,
      "_hostParent": null,
      "_instance": StatelessComponent {
        "_reactInternalInstance": [Circular],
        "context": Object {},
        "props": Object {
          "handleQuantityChange": [Function],
          "maxRange": 20,
          "quantity": 2,
        },
        "refs": Object {},
        "state": null,
        "updater": Object {
          "enqueueCallback": [Function],
          "enqueueCallbackInternal": [Function],
          "enqueueElementInternal": [Function],
          "enqueueForceUpdate": [Function],
          "enqueueReplaceState": [Function],
          "enqueueSetState": [Function],
          "isMounted": [Function],
          "validateCallback": [Function],
        },
      },
      "_mountOrder": 1,
      "_pendingCallbacks": null,
      "_pendingElement": null,
      "_pendingForceUpdate": false,
      "_pendingReplaceState": false,
      "_pendingStateQueue": null,
      "_renderedComponent": NoopInternalComponent {
        "_currentElement": <span
          className="input-group"
>
          <label
                    htmlFor="quantity"
          >
                    Qty: 
          </label>
          <select
                    className="order-quantity-menu"
                    id="quantity"
                    name="quantity"
                    onChange={[Function]}
                    value={2}
          >
                    <option
                              value={1}
                    >
                              1
                    </option>
                    <option
                              value={2}
                    >
                              2
                    </option>
                    <option
                              value={3}
                    >
                              3
                    </option>
                    <option
                              value={4}
                    >
                              4
                    </option>
                    <option
                              value={5}
                    >
                              5
                    </option>
                    <option
                              value={6}
                    >
                              6
                    </option>
                    <option
                              value={7}
                    >
                              7
                    </option>
                    <option
                              value={8}
                    >
                              8
                    </option>
                    <option
                              value={9}
                    >
                              9
                    </option>
                    <option
                              value={10}
                    >
                              10
                    </option>
                    <option
                              value={11}
                    >
                              11
                    </option>
                    <option
                              value={12}
                    >
                              12
                    </option>
                    <option
                              value={13}
                    >
                              13
                    </option>
                    <option
                              value={14}
                    >
                              14
                    </option>
                    <option
                              value={15}
                    >
                              15
                    </option>
                    <option
                              value={16}
                    >
                              16
                    </option>
                    <option
                              value={17}
                    >
                              17
                    </option>
                    <option
                              value={18}
                    >
                              18
                    </option>
                    <option
                              value={19}
                    >
                              19
                    </option>
                    <option
                              value={20}
                    >
                              20
                    </option>
          </select>
</span>,
        "_debugID": 2,
        "_renderedOutput": <span
          className="input-group"
>
          <label
                    htmlFor="quantity"
          >
                    Qty: 
          </label>
          <select
                    className="order-quantity-menu"
                    id="quantity"
                    name="quantity"
                    onChange={[Function]}
                    value={2}
          >
                    <option
                              value={1}
                    >
                              1
                    </option>
                    <option
                              value={2}
                    >
                              2
                    </option>
                    <option
                              value={3}
                    >
                              3
                    </option>
                    <option
                              value={4}
                    >
                              4
                    </option>
                    <option
                              value={5}
                    >
                              5
                    </option>
                    <option
                              value={6}
                    >
                              6
                    </option>
                    <option
                              value={7}
                    >
                              7
                    </option>
                    <option
                              value={8}
                    >
                              8
                    </option>
                    <option
                              value={9}
                    >
                              9
                    </option>
                    <option
                              value={10}
                    >
                              10
                    </option>
                    <option
                              value={11}
                    >
                              11
                    </option>
                    <option
                              value={12}
                    >
                              12
                    </option>
                    <option
                              value={13}
                    >
                              13
                    </option>
                    <option
                              value={14}
                    >
                              14
                    </option>
                    <option
                              value={15}
                    >
                              15
                    </option>
                    <option
                              value={16}
                    >
                              16
                    </option>
                    <option
                              value={17}
                    >
                              17
                    </option>
                    <option
                              value={18}
                    >
                              18
                    </option>
                    <option
                              value={19}
                    >
                              19
                    </option>
                    <option
                              value={20}
                    >
                              20
                    </option>
          </select>
</span>,
      },
      "_renderedNodeType": 0,
      "_rootNodeID": 0,
      "_topLevelWrapper": null,
      "_updateBatchNumber": null,
      "_warnedAboutRefsInRender": false,
    },
    "getRenderOutput": [Function],
    "render": [Function],
  },
  "root": [Circular],
  "unrendered": <OrderQuantityMenu
    handleQuantityChange={[Function]}
    maxRange={20}
    quantity={2}
/>,
}
`;
